// Jest Snapshot v1, https://goo.gl/fbAQLP

exports[`QuestionNew component should match snapshot 1`] = `
Object {
  "asFragment": [Function],
  "baseElement": <body>
    <div>
      <div
        class="question-new-container"
      >
        <h3
          class="question-new-header"
        >
          Create new question
        </h3>
        <div
          class="question-new-header"
        >
          Help Me Choose
        </div>
        <form
          class="textarea-form mb-3"
        >
          <label
            class="form-label"
          >
            First option
          </label>
          <textarea
            class="form-control"
            data-testid="first-option-input"
            itemid=""
            maxlength="100"
            placeholder="maximum 100 characters"
            rows="3"
          />
          <label
            class="form-label"
          >
            Second option
          </label>
          <textarea
            class="form-control"
            data-testid="second-option-input"
            maxlength="100"
            placeholder="maximum 100 characters"
            rows="3"
          />
          <button
            class="btn btn-dark text-nowrap"
            data-testid="create-button"
            disabled=""
            type="submit"
          >
            Send
          </button>
        </form>
      </div>
    </div>
  </body>,
  "container": <div>
    <div
      class="question-new-container"
    >
      <h3
        class="question-new-header"
      >
        Create new question
      </h3>
      <div
        class="question-new-header"
      >
        Help Me Choose
      </div>
      <form
        class="textarea-form mb-3"
      >
        <label
          class="form-label"
        >
          First option
        </label>
        <textarea
          class="form-control"
          data-testid="first-option-input"
          itemid=""
          maxlength="100"
          placeholder="maximum 100 characters"
          rows="3"
        />
        <label
          class="form-label"
        >
          Second option
        </label>
        <textarea
          class="form-control"
          data-testid="second-option-input"
          maxlength="100"
          placeholder="maximum 100 characters"
          rows="3"
        />
        <button
          class="btn btn-dark text-nowrap"
          data-testid="create-button"
          disabled=""
          type="submit"
        >
          Send
        </button>
      </form>
    </div>
  </div>,
  "debug": [Function],
  "findAllByAltText": [Function],
  "findAllByDisplayValue": [Function],
  "findAllByLabelText": [Function],
  "findAllByPlaceholderText": [Function],
  "findAllByRole": [Function],
  "findAllByTestId": [Function],
  "findAllByText": [Function],
  "findAllByTitle": [Function],
  "findByAltText": [Function],
  "findByDisplayValue": [Function],
  "findByLabelText": [Function],
  "findByPlaceholderText": [Function],
  "findByRole": [Function],
  "findByTestId": [Function],
  "findByText": [Function],
  "findByTitle": [Function],
  "getAllByAltText": [Function],
  "getAllByDisplayValue": [Function],
  "getAllByLabelText": [Function],
  "getAllByPlaceholderText": [Function],
  "getAllByRole": [Function],
  "getAllByTestId": [Function],
  "getAllByText": [Function],
  "getAllByTitle": [Function],
  "getByAltText": [Function],
  "getByDisplayValue": [Function],
  "getByLabelText": [Function],
  "getByPlaceholderText": [Function],
  "getByRole": [Function],
  "getByTestId": [Function],
  "getByText": [Function],
  "getByTitle": [Function],
  "queryAllByAltText": [Function],
  "queryAllByDisplayValue": [Function],
  "queryAllByLabelText": [Function],
  "queryAllByPlaceholderText": [Function],
  "queryAllByRole": [Function],
  "queryAllByTestId": [Function],
  "queryAllByText": [Function],
  "queryAllByTitle": [Function],
  "queryByAltText": [Function],
  "queryByDisplayValue": [Function],
  "queryByLabelText": [Function],
  "queryByPlaceholderText": [Function],
  "queryByRole": [Function],
  "queryByTestId": [Function],
  "queryByText": [Function],
  "queryByTitle": [Function],
  "rerender": [Function],
  "unmount": [Function],
}
`;
